select Shops   --output_columns 'name'   --limit 0   --filter 'geo_in_rectangle(location, "90.0x180.0", "90.0x180.0") &&             (area == "area0005" || area == "area0014") &&             (tags @ "天然" || tags @ "和菓子")'
[
  [
    [
      -22,
      0.0,
      0.0
    ],
    "geo_in_rectangle(): failed to cast to WGS84GeoPoint: <90.0x180.0>"
  ]
]
#|e| geo_in_rectangle(): failed to cast to WGS84GeoPoint: <90.0x180.0>
