table_create Tags TABLE_HASH_KEY ShortText --default_tokenizer TokenDelimit
[[0,0.0,0.0],true]
dump
table_create Tags TABLE_HASH_KEY ShortText --default_tokenizer TokenDelimit
truncate Tags
[[0,0.0,0.0],true]
dump
table_create Tags TABLE_HASH_KEY ShortText --default_tokenizer TokenDelimit
