table_create Diaries TABLE_HASH_KEY ShortText
[[0,0.0,0.0],true]
column_create Diaries content COLUMN_SCALAR Text
[[0,0.0,0.0],true]
table_create Terms TABLE_PAT_KEY ShortText --default_tokenizer TokenBigram
[[0,0.0,0.0],true]
column_create Terms content_index COLUMN_INDEX|WITH_POSITION Diaries content
[[0,0.0,0.0],true]
dump
table_create Diaries TABLE_HASH_KEY ShortText
column_create Diaries content COLUMN_SCALAR Text

table_create Terms TABLE_PAT_KEY ShortText --default_tokenizer TokenBigram

column_create Terms content_index COLUMN_INDEX|WITH_POSITION Diaries content
truncate Diaries
[[0,0.0,0.0],true]
dump
table_create Diaries TABLE_HASH_KEY ShortText
column_create Diaries content COLUMN_SCALAR Text

table_create Terms TABLE_PAT_KEY ShortText --default_tokenizer TokenBigram

column_create Terms content_index COLUMN_INDEX|WITH_POSITION Diaries content
