table_create Memos TABLE_NO_KEY
[[0,0.0,0.0],true]
column_create Memos tags COLUMN_VECTOR Text
[[0,0.0,0.0],true]
load --table Memos
[
{"tags": ["Groonga", "Rroonga", "Mroonga"]}
]
[[0,0.0,0.0],1]
select Memos --filter 'tags @ "Rroonga"'
[
  [
    0,
    0.0,
    0.0
  ],
  [
    [
      [
        1
      ],
      [
        [
          "_id",
          "UInt32"
        ],
        [
          "tags",
          "Text"
        ]
      ],
      [
        1,
        [
          "Groonga",
          "Rroonga",
          "Mroonga"
        ]
      ]
    ]
  ]
]
