plugin_register sharding
[[0,0.0,0.0],true]
table_create Logs_20170315 TABLE_NO_KEY
[[0,0.0,0.0],true]
column_create Logs_20170315 timestamp COLUMN_SCALAR Time
[[0,0.0,0.0],true]
column_create Logs_20170315 price COLUMN_SCALAR UInt32
[[0,0.0,0.0],true]
load --table Logs_20170315
[
]
[[0,0.0,0.0],0]
logical_select Logs   --shard_key timestamp   --columns[price_with_tax].stage initial   --columns[price_with_tax].type UInt32   --columns[price_with_tax].flags COLUMN_SCALAR   --columns[price_with_tax].value 'price * 1.08'   --output_columns price,price_with_tax
[[0,0.0,0.0],[[[0],[["price","UInt32"],["price_with_tax","UInt32"]]]]]
