table_create Tags TABLE_PAT_KEY ShortText
[[0,0.0,0.0],true]
table_create Bookmarks TABLE_HASH_KEY ShortText
[[0,0.0,0.0],true]
column_create Bookmarks tag COLUMN_SCALAR Tags
[[0,0.0,0.0],true]
column_create Tags index COLUMN_INDEX Bookmarks tag
[[0,0.0,0.0],true]
load --table Bookmarks
[
{"_key": "http://groonga.org/", "tag": "groonga"},
{"_key": "http://mroonga.org/", "tag": ""}
]
[[0,0.0,0.0],2]
select Bookmarks --query 'tag:\"nonexistent\"'
[[0,0.0,0.0],[[[0],[["_id","UInt32"],["_key","ShortText"],["tag","Tags"]]]]]
