table_create Users TABLE_HASH_KEY ShortText
[[0,0.0,0.0],true]
column_create Users full_name COLUMN_SCALAR ShortText
[[0,0.0,0.0],true]
table_create Bookmarks TABLE_HASH_KEY ShortText
[[0,0.0,0.0],true]
column_create Bookmarks users COLUMN_VECTOR Users
[[0,0.0,0.0],true]
load --table Users
[
{"_key": "mori", "full_name": "Daijiro MORI"},
{"_key": "s-yata", "full_name": "Susumu Yata"}
]
[[0,0.0,0.0],2]
load --table Bookmarks
[
{"_key": "http://groonga.org/", "users": ["mori", "s-yata"]}
]
[[0,0.0,0.0],1]
select Bookmarks --output_columns _key,users.full_name
[
  [
    0,
    0.0,
    0.0
  ],
  [
    [
      [
        1
      ],
      [
        [
          "_key",
          "ShortText"
        ],
        [
          "users.full_name",
          "ShortText"
        ]
      ],
      [
        "http://groonga.org/",
        [
          "Daijiro MORI",
          "Susumu Yata"
        ]
      ]
    ]
  ]
]
