plugin_register sharding
[[0,0.0,0.0],true]
table_create Logs_20150203 TABLE_NO_KEY
[[0,0.0,0.0],true]
column_create Logs_20150203 timestamp COLUMN_SCALAR Time
[[0,0.0,0.0],true]
column_create Logs_20150203 memo COLUMN_SCALAR ShortText
[[0,0.0,0.0],true]
table_create Times_20150203 TABLE_PAT_KEY Time
[[0,0.0,0.0],true]
column_create Times_20150203 timestamp_index COLUMN_INDEX Logs_20150203 timestamp
[[0,0.0,0.0],true]
table_create Logs_20150204 TABLE_NO_KEY
[[0,0.0,0.0],true]
column_create Logs_20150204 timestamp COLUMN_SCALAR Time
[[0,0.0,0.0],true]
column_create Logs_20150204 memo COLUMN_SCALAR ShortText
[[0,0.0,0.0],true]
table_create Times_20150204 TABLE_PAT_KEY Time
[[0,0.0,0.0],true]
column_create Times_20150204 timestamp_index COLUMN_INDEX Logs_20150204 timestamp
[[0,0.0,0.0],true]
table_create Logs_20150205 TABLE_NO_KEY
[[0,0.0,0.0],true]
column_create Logs_20150205 timestamp COLUMN_SCALAR Time
[[0,0.0,0.0],true]
column_create Logs_20150205 memo COLUMN_SCALAR ShortText
[[0,0.0,0.0],true]
table_create Times_20150205 TABLE_PAT_KEY Time
[[0,0.0,0.0],true]
column_create Times_20150205 timestamp_index COLUMN_INDEX Logs_20150205 timestamp
[[0,0.0,0.0],true]
load --table Logs_20150203
[
{
  "timestamp": "2015-02-03 12:49:00",
  "memo":      "2015-02-03 12:49:00"
},
{
  "timestamp": "2015-02-03 23:59:59",
  "memo":      "2015-02-03 23:59:59"
}
]
[[0,0.0,0.0],2]
load --table Logs_20150204
[
{
  "timestamp": "2015-02-04 00:00:00",
  "memo":      "2015-02-04 00:00:00"
},
{
  "timestamp": "2015-02-04 13:49:00",
  "memo":      "2015-02-04 13:49:00"
},
{
  "timestamp": "2015-02-04 13:50:00",
  "memo":      "2015-02-04 13:50:00"
}
]
[[0,0.0,0.0],3]
load --table Logs_20150205
[
{
  "timestamp": "2015-02-05 13:49:00",
  "memo":      "2015-02-05 13:49:00"
},
{
  "timestamp": "2015-02-05 13:50:00",
  "memo":      "2015-02-05 13:50:00"
},
{
  "timestamp": "2015-02-05 13:51:00",
  "memo":      "2015-02-05 13:51:00"
},
{
  "timestamp": "2015-02-05 13:52:00",
  "memo":      "2015-02-05 13:52:00"
}
]
[[0,0.0,0.0],4]
logical_select Logs timestamp   --limit 3
[
  [
    0,
    0.0,
    0.0
  ],
  [
    [
      [
        9
      ],
      [
        [
          "_id",
          "UInt32"
        ],
        [
          "memo",
          "ShortText"
        ],
        [
          "timestamp",
          "Time"
        ]
      ],
      [
        1,
        "2015-02-03 12:49:00",
        1422935340.0
      ],
      [
        2,
        "2015-02-03 23:59:59",
        1422975599.0
      ],
      [
        1,
        "2015-02-04 00:00:00",
        1422975600.0
      ]
    ]
  ]
]
#>logical_select --limit "3" --logical_table "Logs" --shard_key "timestamp"
#:000000000000000 select(2)[Logs_20150203]
#:000000000000000 select(3)[Logs_20150204]
#:000000000000000 select(4)[Logs_20150205]
#:000000000000000 output(3)
#<000000000000000 rc=0
