table_create Ages TABLE_PAT_KEY UInt32
[[0,0.0,0.0],true]
table_create Users TABLE_PAT_KEY ShortText
[[0,0.0,0.0],true]
column_create Users age COLUMN_SCALAR Ages
[[0,0.0,0.0],true]
load --table Users
[
["_key"],
["alice"],
["bob"]
]
[[0,0.0,0.0],2]
select Users
[
  [
    0,
    0.0,
    0.0
  ],
  [
    [
      [
        2
      ],
      [
        [
          "_id",
          "UInt32"
        ],
        [
          "_key",
          "ShortText"
        ],
        [
          "age",
          "Ages"
        ]
      ],
      [
        1,
        "alice",
        0
      ],
      [
        2,
        "bob",
        0
      ]
    ]
  ]
]
