table_create Memos TABLE_NO_KEY
[[0,0.0,0.0],true]
column_create Memos content COLUMN_SCALAR ShortText
[[0,0.0,0.0],true]
table_create Lexicon TABLE_PAT_KEY ShortText --default_tokenizer TokenBigram
[[0,0.0,0.0],true]
column_create Lexicon diary_content COLUMN_INDEX|WITH_POSITION Memos content
[[0,0.0,0.0],true]
table_create Synonyms TABLE_PAT_KEY ShortText
[[0,0.0,0.0],true]
column_create Synonyms words COLUMN_SCALAR ShortText
[[0,0.0,0.0],true]
load --table Memos
[
["content"],
["Start groonga!"],
["Start mroonga!"],
["Start rroonga!"],
["Start Ruby!"]
]
[[0,0.0,0.0],4]
load --table Synonyms
[
["_key", "words"],
["rroonga", "Ruby OR groonga"]
]
[[0,0.0,0.0],1]
select --table Memos --query_expander Synonyms.words   --match_columns content --query 'Ruby'
[
  [
    0,
    0.0,
    0.0
  ],
  [
    [
      [
        1
      ],
      [
        [
          "_id",
          "UInt32"
        ],
        [
          "content",
          "ShortText"
        ]
      ],
      [
        4,
        "Start Ruby!"
      ]
    ]
  ]
]
