tokenize TokenRegexp "xy"
[
  [
    0,
    0.0,
    0.0
  ],
  [
    {
      "value": "￯",
      "position": 0,
      "force_prefix": false
    },
    {
      "value": "xy",
      "position": 1,
      "force_prefix": false
    },
    {
      "value": "y",
      "position": 2,
      "force_prefix": false
    },
    {
      "value": "￰",
      "position": 3,
      "force_prefix": false
    }
  ]
]
