table_create Readings TABLE_PAT_KEY ShortText --normalizer NormalizerAuto
[[0,0.0,0.0],true]
table_create Items TABLE_HASH_KEY ShortText
[[0,0.0,0.0],true]
column_create Items readings COLUMN_VECTOR Readings
[[0,0.0,0.0],true]
column_create Readings items_index COLUMN_INDEX Items readings
[[0,0.0,0.0],true]
load --table Items
[
{"_key": "Groonga", "readings": ["グルンガ"]}
]
[[0,0.0,0.0],1]
select Items   --filter 'sub_filter(readings, "prefix_rk_search(_key, \\"guru\\")")'
[
  [
    0,
    0.0,
    0.0
  ],
  [
    [
      [
        1
      ],
      [
        [
          "_id",
          "UInt32"
        ],
        [
          "_key",
          "ShortText"
        ],
        [
          "readings",
          "Readings"
        ]
      ],
      [
        1,
        "Groonga",
        [
          "グルンガ"
        ]
      ]
    ]
  ]
]
