table_create Users TABLE_NO_KEY
[[0,0.0,0.0],true]
column_create Users name COLUMN_VECTOR ShortText
[[0,0.0,0.0],true]
table_create Names TABLE_PAT_KEY ShortText
[[0,0.0,0.0],true]
column_create Names user COLUMN_INDEX Users name
[[0,0.0,0.0],true]
load --table Users
[
{"name": ["Tom", "Tomy"]},
{"name": ["Tomy", "Tom"]},
{"name": ["Tomy", "Ken"]},
{"name": ["Tom", "Ken"]},
{"name": ["Ken"]}
]
[[0,0.0,0.0],5]
select Users --filter 'fuzzy_search(name, "Tom", {"max_distance": 2})'   --output_columns 'name, _score'   --match_escalation_threshold -1
[
  [
    0,
    0.0,
    0.0
  ],
  [
    [
      [
        4
      ],
      [
        [
          "name",
          "ShortText"
        ],
        [
          "_score",
          "Int32"
        ]
      ],
      [
        [
          "Tom",
          "Tomy"
        ],
        2
      ],
      [
        [
          "Tomy",
          "Tom"
        ],
        3
      ],
      [
        [
          "Tomy",
          "Ken"
        ],
        2
      ],
      [
        [
          "Tom",
          "Ken"
        ],
        3
      ]
    ]
  ]
]
