select LandMarks --sortby '_id' --output_columns 'point' --limit -1   --filter 'geo_in_rectangle(point, "-3x1", "-4x4")'
[
  [
    0,
    0.0,
    0.0
  ],
  [
    [
      [
        8
      ],
      [
        [
          "point",
          "WGS84GeoPoint"
        ]
      ],
      [
        "-3x1"
      ],
      [
        "-3x2"
      ],
      [
        "-3x3"
      ],
      [
        "-3x4"
      ],
      [
        "-4x1"
      ],
      [
        "-4x2"
      ],
      [
        "-4x3"
      ],
      [
        "-4x4"
      ]
    ]
  ]
]
