plugin_register functions/time
[[0,0.0,0.0],true]
table_create Timestamps TABLE_PAT_KEY Time
[[0,0.0,0.0],true]
load --table Timestamps
[
{"_key": "2016-04-30 23:59:59.999999"},
{"_key": "2016-05-01 00:00:00.000000"},
{"_key": "2016-05-01 00:00:00.000001"},
{"_key": "2016-05-07 23:59:59.999999"},
{"_key": "2016-05-08 00:00:00.000000"},
{"_key": "2016-05-08 00:00:00.000001"}
]
[[0,0.0,0.0],6]
select Timestamps   --sortby _id   --limit -1   --output_columns '_key, time_classify_week(_key)'
[
  [
    0,
    0.0,
    0.0
  ],
  [
    [
      [
        6
      ],
      [
        [
          "_key",
          "Time"
        ],
        [
          "time_classify_week",
          null
        ]
      ],
      [
        1462028399.999999,
        1461423600.0
      ],
      [
        1462028400.0,
        1462028400.0
      ],
      [
        1462028400.000001,
        1462028400.0
      ],
      [
        1462633199.999999,
        1462028400.0
      ],
      [
        1462633200.0,
        1462633200.0
      ],
      [
        1462633200.000001,
        1462633200.0
      ]
    ]
  ]
]
