table_create Values TABLE_NO_KEY
[[0,0.0,0.0],true]
column_create Values output COLUMN_SCALAR Float
[[0,0.0,0.0],true]
load --table Values
[
{}
]
[[0,0.0,0.0],1]
select Values   --filter true   --output_columns '_id,output'   --scorer 'output = min(-29.29, -2929.29, 29.29)'
[[0,0.0,0.0],[[[1],[["_id","UInt32"],["output","Float"]],[1,-2929.29]]]]
