select LandMarks --sortby '_id' --output_columns 'point' --limit -1   --filter 'geo_in_rectangle(point, "1x647999997", "-2x-647999998")'
[
  [
    0,
    0.0,
    0.0
  ],
  [
    [
      [
        20
      ],
      [
        [
          "point",
          "WGS84GeoPoint"
        ]
      ],
      [
        "-2x-647999999"
      ],
      [
        "-2x-647999998"
      ],
      [
        "-2x647999997"
      ],
      [
        "-2x647999998"
      ],
      [
        "-2x647999999"
      ],
      [
        "-1x-647999999"
      ],
      [
        "-1x-647999998"
      ],
      [
        "-1x647999997"
      ],
      [
        "-1x647999998"
      ],
      [
        "-1x647999999"
      ],
      [
        "0x-647999999"
      ],
      [
        "0x-647999998"
      ],
      [
        "0x647999997"
      ],
      [
        "0x647999998"
      ],
      [
        "0x647999999"
      ],
      [
        "1x-647999999"
      ],
      [
        "1x-647999998"
      ],
      [
        "1x647999997"
      ],
      [
        "1x647999998"
      ],
      [
        "1x647999999"
      ]
    ]
  ]
]
