table_create Users TABLE_HASH_KEY ShortText
[[0,0.0,0.0],true]
column_create Users name COLUMN_SCALAR ShortText
[[0,0.0,0.0],true]
load --table Users
[
{"_key": "alice",   "name": "Alice"},
{"_key": "bob",     "name": "Bob"},
{"_key": "charlie", "name": "Charlie"}
]
[[0,0.0,0.0],3]
database_unmap
[[0,0.0,0.0],true]
dump
table_create Users TABLE_HASH_KEY ShortText
column_create Users name COLUMN_SCALAR ShortText

load --table Users
[
["_key","name"],
["alice","Alice"],
["bob","Bob"],
["charlie","Charlie"]
]
