plugin_register token_filters/stop_word
[[0,0.0,0.0],true]
table_create Users TABLE_HASH_KEY ShortText
[[0,0.0,0.0],true]
column_create Users name COLUMN_SCALAR ShortText
[[0,0.0,0.0],true]
table_create Terms TABLE_PAT_KEY ShortText   --default_tokenizer TokenBigram   --normalizer NormalizerAuto
[[0,0.0,0.0],true]
column_create Terms users_name_index COLUMN_INDEX|WITH_POSITION Users name
[[0,0.0,0.0],true]
load --table Users
[
{"_key": "alice", "name": "Alice"}
]
[[0,0.0,0.0],1]
dump --dump_records no
plugin_register token_filters/stop_word

table_create Terms TABLE_PAT_KEY ShortText --default_tokenizer TokenBigram --normalizer NormalizerAuto

table_create Users TABLE_HASH_KEY ShortText
column_create Users name COLUMN_SCALAR ShortText

column_create Terms users_name_index COLUMN_INDEX|WITH_POSITION Users name
