table_create bookmarks TABLE_DAT_KEY ShortText
[[0,0.0,0.0],true]
table_list
[
  [
    0,
    0.0,
    0.0
  ],
  [
    [
      [
        "id",
        "UInt32"
      ],
      [
        "name",
        "ShortText"
      ],
      [
        "path",
        "ShortText"
      ],
      [
        "flags",
        "ShortText"
      ],
      [
        "domain",
        "ShortText"
      ],
      [
        "range",
        "ShortText"
      ],
      [
        "default_tokenizer",
        "ShortText"
      ],
      [
        "normalizer",
        "ShortText"
      ]
    ],
    [
      256,
      "bookmarks",
      "db/db.0000100",
      "TABLE_DAT_KEY|PERSISTENT",
      "ShortText",
      null,
      null,
      null
    ]
  ]
]
