table_create Tags TABLE_PAT_KEY ShortText   --default_tokenizer TokenDelimit
[[0,0.0,0.0],true]
table_create Movies TABLE_HASH_KEY ShortText
[[0,0.0,0.0],true]
column_create Movies tags COLUMN_VECTOR Tags
[[0,0.0,0.0],true]
column_create Tags movies_tags COLUMN_INDEX Movies tags
[[0,0.0,0.0],true]
load --table Movies
[
{"_key": "Seven Samurai", "tags": "Samurai Japanese Japan"},
{"_key": "The Last Samurai", "tags": "Samurai English Japanese US Japan"}
]
[[0,0.0,0.0],2]
select Tags --output_columns _key --limit -1
[
  [
    0,
    0.0,
    0.0
  ],
  [
    [
      [
        5
      ],
      [
        [
          "_key",
          "ShortText"
        ]
      ],
      [
        "English"
      ],
      [
        "Japan"
      ],
      [
        "Japanese"
      ],
      [
        "Samurai"
      ],
      [
        "US"
      ]
    ]
  ]
]
