normalize NormalizerAuto "aBcDe 123"
[[0,0.0,0.0],{"normalized":"abcde 123","types":[],"checks":[]}]
