plugin_register functions/time
[[0,0.0,0.0],true]
table_create Users TABLE_HASH_KEY ShortText
[[0,0.0,0.0],true]
table_create Tags TABLE_HASH_KEY ShortText
[[0,0.0,0.0],true]
table_create Reports TABLE_NO_KEY
[[0,0.0,0.0],true]
column_create Reports user COLUMN_SCALAR Users
[[0,0.0,0.0],true]
column_create Reports tag COLUMN_SCALAR Tags
[[0,0.0,0.0],true]
column_create Reports day COLUMN_SCALAR Time
[[0,0.0,0.0],true]
table_create Logs TABLE_NO_KEY
[[0,0.0,0.0],true]
column_create Logs user COLUMN_SCALAR Users
[[0,0.0,0.0],true]
column_create Logs tag COLUMN_SCALAR Tags
[[0,0.0,0.0],true]
column_create Logs time COLUMN_SCALAR Time
[[0,0.0,0.0],true]
load --table Reports
[
{"user": "alice", "tag": "tag1", "day": "2017-04-18 00:00:00"},
{"user": "alice", "tag": "tag1", "day": "2017-04-19 00:00:00"},
{"user": "david", "tag": "tag2", "day": "2017-04-20 00:00:00"},
{"user": "david", "tag": "tag3", "day": "2017-04-21 00:00:00"}
]
[[0,0.0,0.0],4]
load --table Logs
[
{"user": "alice", "tag": "tag1", "time": "2017-04-18 11:22:33"},
{"user": "alice", "tag": "tag1", "time": "2017-04-20 11:22:33"},
{"user": "bob",   "tag": "tag1", "time": "2017-04-19 11:22:33"},
{"user": "david", "tag": "tag1", "time": "2017-04-19 11:22:33"},
{"user": "david", "tag": "tag2", "time": "2017-04-20 11:22:33"}
]
[[0,0.0,0.0],5]
select Logs   --filter 'in_records(Reports,                        user, "==", "user",                        tag, "==", "tag",                        time_classify_day(time), "==", "day")'
[
  [
    0,
    0.0,
    0.0
  ],
  [
    [
      [
        2
      ],
      [
        [
          "_id",
          "UInt32"
        ],
        [
          "tag",
          "Tags"
        ],
        [
          "time",
          "Time"
        ],
        [
          "user",
          "Users"
        ]
      ],
      [
        1,
        "tag1",
        1492482153.0,
        "alice"
      ],
      [
        5,
        "tag2",
        1492654953.0,
        "david"
      ]
    ]
  ]
]
